------------------------------------------------------------
Timing Analyzer Summary
------------------------------------------------------------

Type  : Slow 1100mV 85C Model Setup 'clk'
Slack : -0.372
TNS   : -0.741

Type  : Slow 1100mV 85C Model Hold 'clk'
Slack : 0.558
TNS   : 0.000

Type  : Slow 1100mV 85C Model Minimum Pulse Width 'clk'
Slack : -0.724
TNS   : -2.212

Type  : Slow 1100mV 0C Model Setup 'clk'
Slack : -0.471
TNS   : -0.927

Type  : Slow 1100mV 0C Model Hold 'clk'
Slack : 0.537
TNS   : 0.000

Type  : Slow 1100mV 0C Model Minimum Pulse Width 'clk'
Slack : -0.724
TNS   : -2.270

Type  : Fast 1100mV 85C Model Setup 'clk'
Slack : 0.412
TNS   : 0.000

Type  : Fast 1100mV 85C Model Hold 'clk'
Slack : 0.184
TNS   : 0.000

Type  : Fast 1100mV 85C Model Minimum Pulse Width 'clk'
Slack : -0.080
TNS   : -0.159

Type  : Fast 1100mV 0C Model Setup 'clk'
Slack : 0.453
TNS   : 0.000

Type  : Fast 1100mV 0C Model Hold 'clk'
Slack : 0.175
TNS   : 0.000

Type  : Fast 1100mV 0C Model Minimum Pulse Width 'clk'
Slack : -0.081
TNS   : -0.162

------------------------------------------------------------
