------------------------------------------------------------
Timing Analyzer Summary
------------------------------------------------------------

Type  : Slow 1200mV 85C Model Setup 'reloj'
Slack : -4.398
TNS   : -68.612

Type  : Slow 1200mV 85C Model Setup '\divisor:cuenta[22]'
Slack : -0.820
TNS   : -6.189

Type  : Slow 1200mV 85C Model Hold '\divisor:cuenta[22]'
Slack : 0.347
TNS   : 0.000

Type  : Slow 1200mV 85C Model Hold 'reloj'
Slack : 0.631
TNS   : 0.000

Type  : Slow 1200mV 85C Model Minimum Pulse Width 'reloj'
Slack : -3.000
TNS   : -42.284

Type  : Slow 1200mV 85C Model Minimum Pulse Width '\divisor:cuenta[22]'
Slack : -1.403
TNS   : -33.672

Type  : Slow 1200mV 0C Model Setup 'reloj'
Slack : -4.003
TNS   : -60.158

Type  : Slow 1200mV 0C Model Setup '\divisor:cuenta[22]'
Slack : -0.667
TNS   : -4.587

Type  : Slow 1200mV 0C Model Hold '\divisor:cuenta[22]'
Slack : 0.312
TNS   : 0.000

Type  : Slow 1200mV 0C Model Hold 'reloj'
Slack : 0.582
TNS   : 0.000

Type  : Slow 1200mV 0C Model Minimum Pulse Width 'reloj'
Slack : -3.000
TNS   : -42.284

Type  : Slow 1200mV 0C Model Minimum Pulse Width '\divisor:cuenta[22]'
Slack : -1.403
TNS   : -33.672

Type  : Fast 1200mV 0C Model Setup 'reloj'
Slack : -1.422
TNS   : -16.050

Type  : Fast 1200mV 0C Model Setup '\divisor:cuenta[22]'
Slack : 0.230
TNS   : 0.000

Type  : Fast 1200mV 0C Model Hold '\divisor:cuenta[22]'
Slack : 0.152
TNS   : 0.000

Type  : Fast 1200mV 0C Model Hold 'reloj'
Slack : 0.243
TNS   : 0.000

Type  : Fast 1200mV 0C Model Minimum Pulse Width 'reloj'
Slack : -3.000
TNS   : -31.909

Type  : Fast 1200mV 0C Model Minimum Pulse Width '\divisor:cuenta[22]'
Slack : -1.000
TNS   : -24.000

------------------------------------------------------------
