------------------------------------------------------------
Timing Analyzer Summary
------------------------------------------------------------

Type  : Slow 1200mV 85C Model Setup 'vga_controller:u2|disp_ena'
Slack : -10.607
TNS   : -28.431

Type  : Slow 1200mV 85C Model Setup 'hw_image_generator:u3|x[0]'
Slack : -7.213
TNS   : -14.280

Type  : Slow 1200mV 85C Model Setup 'Gen25MHz:u1|clk25MHz~reg0'
Slack : -7.179
TNS   : -205.991

Type  : Slow 1200mV 85C Model Setup 'input_clk'
Slack : -3.786
TNS   : -34.078

Type  : Slow 1200mV 85C Model Setup 'relojlento:u4|led'
Slack : -3.329
TNS   : -58.505

Type  : Slow 1200mV 85C Model Hold 'hw_image_generator:u3|x[0]'
Slack : -3.799
TNS   : -5.488

Type  : Slow 1200mV 85C Model Hold 'relojlento:u4|led'
Slack : -0.494
TNS   : -1.916

Type  : Slow 1200mV 85C Model Hold 'input_clk'
Slack : 0.355
TNS   : 0.000

Type  : Slow 1200mV 85C Model Hold 'Gen25MHz:u1|clk25MHz~reg0'
Slack : 1.152
TNS   : 0.000

Type  : Slow 1200mV 85C Model Hold 'vga_controller:u2|disp_ena'
Slack : 1.159
TNS   : 0.000

Type  : Slow 1200mV 85C Model Minimum Pulse Width 'input_clk'
Slack : -3.000
TNS   : -31.060

Type  : Slow 1200mV 85C Model Minimum Pulse Width 'Gen25MHz:u1|clk25MHz~reg0'
Slack : -1.403
TNS   : -61.732

Type  : Slow 1200mV 85C Model Minimum Pulse Width 'relojlento:u4|led'
Slack : -1.403
TNS   : -25.254

Type  : Slow 1200mV 85C Model Minimum Pulse Width 'hw_image_generator:u3|x[0]'
Slack : 0.153
TNS   : 0.000

Type  : Slow 1200mV 85C Model Minimum Pulse Width 'vga_controller:u2|disp_ena'
Slack : 0.403
TNS   : 0.000

Type  : Slow 1200mV 0C Model Setup 'vga_controller:u2|disp_ena'
Slack : -9.953
TNS   : -26.735

Type  : Slow 1200mV 0C Model Setup 'hw_image_generator:u3|x[0]'
Slack : -6.771
TNS   : -13.461

Type  : Slow 1200mV 0C Model Setup 'Gen25MHz:u1|clk25MHz~reg0'
Slack : -6.505
TNS   : -185.151

Type  : Slow 1200mV 0C Model Setup 'input_clk'
Slack : -3.454
TNS   : -29.341

Type  : Slow 1200mV 0C Model Setup 'relojlento:u4|led'
Slack : -3.052
TNS   : -53.181

Type  : Slow 1200mV 0C Model Hold 'hw_image_generator:u3|x[0]'
Slack : -3.403
TNS   : -4.921

Type  : Slow 1200mV 0C Model Hold 'relojlento:u4|led'
Slack : -0.485
TNS   : -2.047

Type  : Slow 1200mV 0C Model Hold 'input_clk'
Slack : 0.322
TNS   : 0.000

Type  : Slow 1200mV 0C Model Hold 'Gen25MHz:u1|clk25MHz~reg0'
Slack : 1.067
TNS   : 0.000

Type  : Slow 1200mV 0C Model Hold 'vga_controller:u2|disp_ena'
Slack : 1.284
TNS   : 0.000

Type  : Slow 1200mV 0C Model Minimum Pulse Width 'input_clk'
Slack : -3.000
TNS   : -31.060

Type  : Slow 1200mV 0C Model Minimum Pulse Width 'Gen25MHz:u1|clk25MHz~reg0'
Slack : -1.403
TNS   : -61.732

Type  : Slow 1200mV 0C Model Minimum Pulse Width 'relojlento:u4|led'
Slack : -1.403
TNS   : -25.254

Type  : Slow 1200mV 0C Model Minimum Pulse Width 'hw_image_generator:u3|x[0]'
Slack : 0.274
TNS   : 0.000

Type  : Slow 1200mV 0C Model Minimum Pulse Width 'vga_controller:u2|disp_ena'
Slack : 0.346
TNS   : 0.000

Type  : Fast 1200mV 0C Model Setup 'vga_controller:u2|disp_ena'
Slack : -4.104
TNS   : -10.927

Type  : Fast 1200mV 0C Model Setup 'hw_image_generator:u3|x[0]'
Slack : -2.854
TNS   : -5.677

Type  : Fast 1200mV 0C Model Setup 'Gen25MHz:u1|clk25MHz~reg0'
Slack : -2.667
TNS   : -65.966

Type  : Fast 1200mV 0C Model Setup 'input_clk'
Slack : -1.109
TNS   : -3.956

Type  : Fast 1200mV 0C Model Setup 'relojlento:u4|led'
Slack : -0.843
TNS   : -14.137

Type  : Fast 1200mV 0C Model Hold 'hw_image_generator:u3|x[0]'
Slack : -1.859
TNS   : -2.697

Type  : Fast 1200mV 0C Model Hold 'relojlento:u4|led'
Slack : -0.259
TNS   : -1.243

Type  : Fast 1200mV 0C Model Hold 'input_clk'
Slack : 0.152
TNS   : 0.000

Type  : Fast 1200mV 0C Model Hold 'vga_controller:u2|disp_ena'
Slack : 0.289
TNS   : 0.000

Type  : Fast 1200mV 0C Model Hold 'Gen25MHz:u1|clk25MHz~reg0'
Slack : 0.437
TNS   : 0.000

Type  : Fast 1200mV 0C Model Minimum Pulse Width 'input_clk'
Slack : -3.000
TNS   : -23.641

Type  : Fast 1200mV 0C Model Minimum Pulse Width 'Gen25MHz:u1|clk25MHz~reg0'
Slack : -1.000
TNS   : -44.000

Type  : Fast 1200mV 0C Model Minimum Pulse Width 'relojlento:u4|led'
Slack : -1.000
TNS   : -18.000

Type  : Fast 1200mV 0C Model Minimum Pulse Width 'hw_image_generator:u3|x[0]'
Slack : 0.150
TNS   : 0.000

Type  : Fast 1200mV 0C Model Minimum Pulse Width 'vga_controller:u2|disp_ena'
Slack : 0.261
TNS   : 0.000

------------------------------------------------------------
