------------------------------------------------------------
Timing Analyzer Summary
------------------------------------------------------------

Type  : Slow 1100mV 85C Model Setup 'clk'
Slack : -0.384
TNS   : -1.133

Type  : Slow 1100mV 85C Model Hold 'clk'
Slack : 0.531
TNS   : 0.000

Type  : Slow 1100mV 85C Model Minimum Pulse Width 'clk'
Slack : -0.724
TNS   : -3.326

Type  : Slow 1100mV 0C Model Setup 'clk'
Slack : -0.475
TNS   : -1.409

Type  : Slow 1100mV 0C Model Hold 'clk'
Slack : 0.499
TNS   : 0.000

Type  : Slow 1100mV 0C Model Minimum Pulse Width 'clk'
Slack : -0.724
TNS   : -3.338

Type  : Fast 1100mV 85C Model Setup 'clk'
Slack : 0.432
TNS   : 0.000

Type  : Fast 1100mV 85C Model Hold 'clk'
Slack : 0.184
TNS   : 0.000

Type  : Fast 1100mV 85C Model Minimum Pulse Width 'clk'
Slack : -0.086
TNS   : -0.253

Type  : Fast 1100mV 0C Model Setup 'clk'
Slack : 0.470
TNS   : 0.000

Type  : Fast 1100mV 0C Model Hold 'clk'
Slack : 0.174
TNS   : 0.000

Type  : Fast 1100mV 0C Model Minimum Pulse Width 'clk'
Slack : -0.085
TNS   : -0.251

------------------------------------------------------------
